[ndesaintheme.com/themes/apricot/index.html]
[backblue.gif]
[fade.gif]
[index.html]
[ndesaintheme.com/themes/apricot/assets/css/style.css]
[ndesaintheme.com/themes/apricot/assets/css/loader-style.css]
[ndesaintheme.com/themes/apricot/assets/css/bootstrap.css]
[ndesaintheme.com/themes/apricot/assets/js/progress-bar/number-pb.css]
[ndesaintheme.com/themes/apricot/assets/ico/minus.png]
[ndesaintheme.com/themes/apricot/blog-list.html]
[ndesaintheme.com/themes/apricot/blog-detail.html]
[ndesaintheme.com/themes/apricot/social.html]
[ndesaintheme.com/themes/apricot/media.html]
[ndesaintheme.com/themes/apricot/index-2.html]
[ndesaintheme.com/themes/apricot/mail.html]
[ndesaintheme.com/themes/apricot/icon.html]
[ndesaintheme.com/themes/apricot/blank_page.html]
[ndesaintheme.com/themes/apricot/profile.html]
[ndesaintheme.com/themes/apricot/invoice.html]
[ndesaintheme.com/themes/apricot/pricing_table.html]
[ndesaintheme.com/themes/apricot/time-line.html]
[ndesaintheme.com/themes/apricot/404.html]
[ndesaintheme.com/themes/apricot/500.html]
[ndesaintheme.com/themes/apricot/lock-screen.html]
[ndesaintheme.com/themes/apricot/login.html]
[ndesaintheme.com/themes/apricot/element.html]
[ndesaintheme.com/themes/apricot/button.html]
[ndesaintheme.com/themes/apricot/wizard.html]
[ndesaintheme.com/themes/apricot/calendar.html]
[ndesaintheme.com/themes/apricot/tree.html]
[ndesaintheme.com/themes/apricot/grids.html]
[ndesaintheme.com/themes/apricot/chart.html]
[ndesaintheme.com/themes/apricot/typhography.html]
[ndesaintheme.com/themes/apricot/form-element.html]
[ndesaintheme.com/themes/apricot/andvance-form.html]
[ndesaintheme.com/themes/apricot/text-editor.html]
[ndesaintheme.com/themes/apricot/file-upload.html]
[ndesaintheme.com/themes/apricot/table-static.html]
[ndesaintheme.com/themes/apricot/table-dynamic.html]
[ndesaintheme.com/themes/apricot/map.html]
[ndesaintheme.com/themes/apricot/assets/js/progress-bar/src/jquery.velocity.min.js]
[ndesaintheme.com/themes/apricot/assets/js/progress-bar/number-pb.js]
[ndesaintheme.com/themes/apricot/assets/js/progress-bar/progress-app.js]
[ndesaintheme.com/themes/apricot/assets/js/preloader.js]
[ndesaintheme.com/themes/apricot/assets/js/bootstrap.js]
[ndesaintheme.com/themes/apricot/assets/js/app.js]
[ndesaintheme.com/themes/apricot/assets/js/load.js]
[ndesaintheme.com/themes/apricot/assets/js/main.js]
[ndesaintheme.com/themes/apricot/assets/js/chart/jquery.flot.js]
[ndesaintheme.com/themes/apricot/assets/js/chart/jquery.flot.resize.js]
[ndesaintheme.com/themes/apricot/assets/js/chart/realTime.js]
[ndesaintheme.com/themes/apricot/assets/js/speed/canvasgauge-coustom.js]
[ndesaintheme.com/themes/apricot/assets/js/countdown/jquery.countdown.js]
[ndesaintheme.com/themes/apricot/assets/js/jhere-custom.js]
[ndesaintheme.com/themes/apricot/index.html]
[ndesaintheme.com/themes/apricot/assets/img/bg.jpg]
[ndesaintheme.com/themes/apricot/assets/img/small-bg5.jpg]
[ndesaintheme.com/themes/apricot/assets/img/small-bg2.jpg]
[ndesaintheme.com/themes/apricot/assets/img/small-bg.jpg]
[ndesaintheme.com/themes/apricot/assets/img/giftly.png]
[ndesaintheme.com/themes/apricot/assets/img/bg3.png]
[ndesaintheme.com/themes/apricot/assets/img/small-bg8.jpg]
[ndesaintheme.com/themes/apricot/assets/img/small-bg9.jpg]
[ndesaintheme.com/themes/apricot/assets/img/small-bg10.jpg]
[ndesaintheme.com/themes/apricot/assets/img/small-bg11.jpg]
[ndesaintheme.com/themes/apricot/assets/img/small-bg12.jpg]
[ndesaintheme.com/themes/apricot/assets/img/small-bg13.jpg]
[ndesaintheme.com/themes/apricot/assets/img/search-dark.png]
[ndesaintheme.com/themes/apricot/assets/img/search-white.png]
[ndesaintheme.com/themes/apricot/assets/css/images/search-icon.png]
[ndesaintheme.com/themes/apricot/assets/font/bebasneue-webfont.eot]
[ndesaintheme.com/themes/apricot/assets/font/bebasneue-webfontd41d.eot]
[ndesaintheme.com/themes/apricot/assets/font/bebasneue-webfont.woff]
[ndesaintheme.com/themes/apricot/assets/font/bebasneue-webfont.ttf]
[ndesaintheme.com/themes/apricot/assets/font/bebasneue-webfont.svg]
[ndesaintheme.com/themes/apricot/assets/images/bg_grad.jpg]
[ndesaintheme.com/themes/apricot/assets/css/style.css]
[ndesaintheme.com/themes/apricot/assets/js/skin-select/skin-select.css]
[ndesaintheme.com/themes/apricot/assets/css/font-awesome.css]
[ndesaintheme.com/themes/apricot/assets/css/entypo-icon.css]
[ndesaintheme.com/themes/apricot/assets/css/maki-icons.css]
[ndesaintheme.com/themes/apricot/assets/css/weather-icons.min.css]
[ndesaintheme.com/themes/apricot/assets/css/dripicon.css]
[ndesaintheme.com/themes/apricot/assets/css/open-sans.css]
[ndesaintheme.com/themes/apricot/assets/css/awwwards.css]
[ndesaintheme.com/themes/apricot/assets/js/pnotify/jquery.pnotify.default.css]
[ndesaintheme.com/themes/apricot/assets/js/tip/tooltipster.css]
[ndesaintheme.com/themes/apricot/assets/js/pace/themes/pace-theme-center-simple.css]
[ndesaintheme.com/themes/apricot/assets/js/slidebars/slidebars.css]
[ndesaintheme.com/themes/apricot/assets/css/loader-style.css]
[ndesaintheme.com/themes/apricot/assets/js/gage/jquery.easy-pie-chart.css]
[ndesaintheme.com/themes/apricot/assets/fonts/glyphicons-halflings-regular.eot]
[ndesaintheme.com/themes/apricot/assets/fonts/glyphicons-halflings-regular.woff]
[ndesaintheme.com/themes/apricot/assets/fonts/glyphicons-halflings-regulard41d.eot]
[ndesaintheme.com/themes/apricot/assets/fonts/glyphicons-halflings-regular.ttf]
[ndesaintheme.com/themes/apricot/assets/css/bootstrap.css]
[ndesaintheme.com/themes/apricot/assets/js/progress-bar/number-pb.css]
[ndesaintheme.com/themes/apricot/assets/css/media.css]
[ndesaintheme.com/themes/apricot/assets/css/social.css]
[ndesaintheme.com/themes/apricot/blog-list.html]
[ndesaintheme.com/themes/apricot/assets/js/flatvideo/jquery.fitvids.js]
[ndesaintheme.com/themes/apricot/blog-detail.html]
[ndesaintheme.com/themes/apricot/assets/img/insta-pic.jpg]
[ndesaintheme.com/themes/apricot/assets/img/insta-pic2.jpg]
[code.jquery.com/jquery-migrate-1.2.1.min.js]
[ndesaintheme.com/themes/apricot/assets/js/upload/demos/js/demo.min.js]
[ndesaintheme.com/themes/apricot/social.html]
[ndesaintheme.com/themes/apricot/assets/js/upload/src/dmuploader.min.js]
[ndesaintheme.com/themes/apricot/assets/img/people-q-c-350-250-5.jpg]
[ndesaintheme.com/themes/apricot/assets/img/people-q-c-350-250-7.jpg]
[ndesaintheme.com/themes/apricot/assets/img/people-q-c-350-250-8.jpg]
[ndesaintheme.com/themes/apricot/media.html]
[ndesaintheme.com/themes/apricot/index-2.html]
[ndesaintheme.com/themes/apricot/mail.html]
[ndesaintheme.com/themes/apricot/assets/css/mail.css]
[ndesaintheme.com/themes/apricot/icon.html]
[ndesaintheme.com/themes/apricot/assets/css/icons-style.css]
[ndesaintheme.com/themes/apricot/assets/js/jquery.min.js]
[ndesaintheme.com/themes/apricot/blank_page.html]
[ndesaintheme.com/themes/apricot/assets/js/button/ladda/ladda.min.css]
[ndesaintheme.com/themes/apricot/assets/css/profile.css]
[ndesaintheme.com/themes/apricot/profile.html]
[ndesaintheme.com/themes/apricot/assets/css/extra-pages.css]
[ndesaintheme.com/themes/apricot/assets/img/credit/visa.png]
[ndesaintheme.com/themes/apricot/assets/img/credit/mastercard.png]
[ndesaintheme.com/themes/apricot/assets/img/credit/american-express.png]
[ndesaintheme.com/themes/apricot/assets/img/credit/paypal2.png]
[ndesaintheme.com/themes/apricot/invoice.html]
[ndesaintheme.com/themes/apricot/pricing_table.html]
[ndesaintheme.com/themes/apricot/time-line.html]
[ndesaintheme.com/themes/apricot/404.html]
[ndesaintheme.com/themes/apricot/500.html]
[ndesaintheme.com/themes/apricot/assets/css/signin.css]
[ndesaintheme.com/themes/apricot/lock-screen.html]
[ndesaintheme.com/themes/apricot/login.html]
[ndesaintheme.com/themes/apricot/assets/js/map/gmap3.js]
[ndesaintheme.com/themes/apricot/element.html]
[ndesaintheme.com/themes/apricot/assets/js/pnotify/jquery.pnotify.min.js]
[ndesaintheme.com/themes/apricot/assets/js/button/ladda/spin.min.js]
[ndesaintheme.com/themes/apricot/assets/js/button/ladda/ladda.min.js]
[ndesaintheme.com/themes/apricot/button.html]
[ndesaintheme.com/themes/apricot/assets/js/button/progressbutton.jquery.js]
[ndesaintheme.com/themes/apricot/assets/js/wizard/lib/modernizr-2.6.2.min.js]
[ndesaintheme.com/themes/apricot/assets/js/wizard/css/jquery.steps.css]
[ndesaintheme.com/themes/apricot/assets/js/wizard/jquery.stepy.css]
[ndesaintheme.com/themes/apricot/assets/js/tabs/acc-wizard.min.css]
[ndesaintheme.com/themes/apricot/assets/js/wizard/lib/jquery.cookie-1.3.1.js]
[ndesaintheme.com/themes/apricot/wizard.html]
[ndesaintheme.com/themes/apricot/assets/js/wizard/jquery.stepy.js]
[ndesaintheme.com/themes/apricot/assets/js/calendar/css/calendar.css]
[ndesaintheme.com/themes/apricot/assets/js/calendar/underscore/underscore-min.js]
[ndesaintheme.com/themes/apricot/assets/js/wizard/build/jquery.steps.js]
[ndesaintheme.com/themes/apricot/assets/js/calendar/jstimezonedetect/jstz.min.js]
[ndesaintheme.com/themes/apricot/assets/js/calendar/language/fr-FR.js]
[ndesaintheme.com/themes/apricot/assets/js/calendar/language/de-DE.js]
[ndesaintheme.com/themes/apricot/assets/js/calendar/language/el-GR.js]
[ndesaintheme.com/themes/apricot/assets/js/calendar/language/it-IT.js]
[ndesaintheme.com/themes/apricot/assets/js/calendar/language/pl-PL.js]
[ndesaintheme.com/themes/apricot/assets/js/calendar/language/pt-BR.js]
[ndesaintheme.com/themes/apricot/assets/js/calendar/language/es-MX.js]
[ndesaintheme.com/themes/apricot/assets/js/calendar/language/es-ES.js]
[ndesaintheme.com/themes/apricot/assets/js/calendar/language/ru-RU.js]
[ndesaintheme.com/themes/apricot/assets/js/calendar/language/sv-SE.js]
[ndesaintheme.com/themes/apricot/assets/js/calendar/calendar.js]
[ndesaintheme.com/themes/apricot/calendar.html]
[ndesaintheme.com/themes/apricot/assets/js/calendar/app.js]
[ndesaintheme.com/themes/apricot/assets/js/tree/jquery.treeview.css]
[ndesaintheme.com/themes/red-treeview.css]
[ndesaintheme.com/themes/apricot/assets/js/tree/treetable/stylesheets/jquery.treetable.css]
[ndesaintheme.com/themes/apricot/assets/js/tree/treetable/stylesheets/jquery.treetable.theme.default.css]
[ndesaintheme.com/themes/apricot/assets/js/tree/images/folder.gif]
[ndesaintheme.com/themes/apricot/assets/js/tree/images/file.gif]
[ndesaintheme.com/themes/apricot/assets/js/tree/tabelizer/tabelizer.min.css]
[ndesaintheme.com/themes/apricot/assets/js/tree/lib/jquery.cookie.js]
[ndesaintheme.com/themes/apricot/assets/js/tree/jquery.treeview.js]
[ndesaintheme.com/themes/apricot/assets/js/tree/tabelizer/jquery-ui-1.10.4.custom.min.js]
[ndesaintheme.com/themes/apricot/assets/js/tree/tabelizer/jquery.tabelizer.js]
[ndesaintheme.com/themes/apricot/tree.html]
[ndesaintheme.com/themes/apricot/grids.html]
[ndesaintheme.com/themes/apricot/assets/js/tree/treetable/vendor/jquery-ui.js]
[ndesaintheme.com/themes/apricot/assets/js/tree/treetable/javascripts/src/jquery.treetable.js]
[ndesaintheme.com/themes/apricot/assets/js/chart/chart.js]
[ndesaintheme.com/themes/apricot/assets/js/chart/barChart.js]
[ndesaintheme.com/themes/apricot/assets/js/chart/radarChart.js]
[ndesaintheme.com/themes/apricot/assets/js/chart/polarChart.js]
[ndesaintheme.com/themes/apricot/assets/js/chart/lineChart.js]
[ndesaintheme.com/themes/apricot/assets/js/chart/jquery.flot2.js]
[ndesaintheme.com/themes/apricot/chart.html]
[ndesaintheme.com/themes/apricot/typhography.html]
[ndesaintheme.com/themes/apricot/assets/js/chart/chart-float-stacking.js]
[ndesaintheme.com/themes/apricot/assets/js/iCheck/flat/all.css]
[ndesaintheme.com/themes/apricot/assets/js/iCheck/line/all.css]
[ndesaintheme.com/themes/apricot/assets/js/colorPicker/bootstrap-colorpicker.css]
[ndesaintheme.com/themes/apricot/assets/js/switch/bootstrap-switch.css]
[ndesaintheme.com/themes/apricot/assets/js/validate/validate.css]
[ndesaintheme.com/themes/apricot/assets/js/idealform/css/jquery.idealforms.css]
[ndesaintheme.com/themes/apricot/assets/js/iCheck/jquery.icheck.js]
[ndesaintheme.com/themes/apricot/form-element.html]
[ndesaintheme.com/themes/apricot/assets/js/switch/bootstrap-switch.js]
[ndesaintheme.com/themes/apricot/assets/js/timepicker/bootstrap-timepicker.css]
[ndesaintheme.com/themes/apricot/assets/js/datepicker/datepicker.css]
[ndesaintheme.com/themes/apricot/assets/js/datepicker/clockface.css]
[ndesaintheme.com/themes/apricot/assets/js/datepicker/bootstrap-datetimepicker.css]
[ndesaintheme.com/themes/apricot/assets/js/tag/jquery.tagsinput.css]
[ndesaintheme.com/themes/apricot/assets/js/colorPicker/bootstrap-colorpicker.min.js]
[ndesaintheme.com/themes/apricot/assets/js/inputMask/jquery.maskedinput.js]
[ndesaintheme.com/themes/apricot/assets/js/validate/jquery.validate.min.js]
[ndesaintheme.com/themes/apricot/assets/js/timepicker/bootstrap-timepicker.js]
[ndesaintheme.com/themes/apricot/assets/js/datepicker/bootstrap-datepicker.js]
[ndesaintheme.com/themes/apricot/assets/js/datepicker/clockface.js]
[ndesaintheme.com/themes/apricot/assets/js/idealform/jquery.idealforms.js]
[ndesaintheme.com/themes/apricot/andvance-form.html]
[ndesaintheme.com/themes/apricot/assets/js/datepicker/bootstrap-datetimepicker.js]
[ndesaintheme.com/themes/apricot/assets/js/tag/jquery.tagsinput.js]
[ndesaintheme.com/themes/apricot/assets/js/textEditor/editor.css]
[ndesaintheme.com/themes/apricot/assets/js/textEditor/sceditor/minified/themes/square.min.css]
[ndesaintheme.com/themes/apricot/assets/js/textEditor/src/bootstrap-wysihtml5.css]
[ndesaintheme.com/themes/apricot/assets/js/textEditor/parser_rules/advanced.js]
[ndesaintheme.com/themes/apricot/assets/js/textEditor/sceditor/minified/jquery.sceditor.bbcode.min.js]
[ndesaintheme.com/themes/apricot/assets/js/textEditor/src/bootstrap3-wysihtml5.js]
[ndesaintheme.com/themes/apricot/text-editor.html]
[ndesaintheme.com/themes/apricot/assets/js/upload/demos/css/uploader.css]
[ndesaintheme.com/themes/apricot/assets/js/upload/demos/css/demo.css]
[ndesaintheme.com/themes/apricot/assets/js/textEditor/dist/wysihtml5-0.4.0pre.js]
[ndesaintheme.com/themes/apricot/assets/js/textEditor/lib/js/wysihtml5-0.3.0.js]
[ndesaintheme.com/themes/apricot/assets/js/dropZone/downloads/css/dropzone.css]
[ndesaintheme.com/themes/apricot/file-upload.html]
[ndesaintheme.com/themes/apricot/assets/js/dropZone/lib/dropzone.js]
[ndesaintheme.com/themes/apricot/assets/js/stackable/stacktable.css]
[ndesaintheme.com/themes/apricot/assets/js/stackable/responsive-table.css]
[ndesaintheme.com/themes/apricot/table-static.html]
[ndesaintheme.com/themes/apricot/assets/js/stackable/stacktable.js]
[ndesaintheme.com/themes/apricot/assets/js/footable/css/footable.corecd98.css]
[ndesaintheme.com/themes/apricot/assets/js/footable/css/footable.standalone.css]
[ndesaintheme.com/themes/apricot/assets/js/footable/css/footable-demos.css]
[ndesaintheme.com/themes/apricot/assets/js/dataTable/lib/jquery.dataTables/css/DT_bootstrap.css]
[ndesaintheme.com/themes/apricot/assets/js/dataTable/css/datatables.responsive.css]
[ndesaintheme.com/themes/apricot/assets/js/toggle_close.js]
[ndesaintheme.com/themes/apricot/assets/js/footable/js/footablecd98.js]
[ndesaintheme.com/themes/apricot/assets/js/footable/js/footable.sortcd98.js]
[ndesaintheme.com/themes/apricot/assets/js/footable/js/footable.filtercd98.js]
[ndesaintheme.com/themes/apricot/table-dynamic.html]
[ndesaintheme.com/themes/apricot/assets/js/footable/js/footable.paginatecd98.js]
[ndesaintheme.com/themes/apricot/map.html]
[ndesaintheme.com/themes/apricot/assets/js/skin-select/skin-select.css]
[ndesaintheme.com/themes/apricot/assets/fonts/fontawesome-webfontba72.eot]
[ndesaintheme.com/themes/apricot/assets/fonts/fontawesome-webfontd41d.eot]
[ndesaintheme.com/themes/apricot/assets/fonts/fontawesome-webfontba72.woff]
[ndesaintheme.com/themes/apricot/assets/fonts/fontawesome-webfontba72.ttf]
[ndesaintheme.com/themes/apricot/assets/css/font-awesome.css]
[ndesaintheme.com/themes/apricot/assets/font/entypo.eot]
[ndesaintheme.com/themes/apricot/assets/font/entypo.woff]
[ndesaintheme.com/themes/apricot/assets/font/entypod41d.eot]
[ndesaintheme.com/themes/apricot/assets/font/entypo.ttf]
[ndesaintheme.com/themes/apricot/assets/font/entypo.svg]
[ndesaintheme.com/themes/apricot/assets/fonts/fontawesome-webfont.eot]
[ndesaintheme.com/themes/apricot/assets/fonts/fontawesome-webfont.woff]
[ndesaintheme.com/themes/apricot/assets/fonts/fontawesome-webfont.ttf]
[ndesaintheme.com/themes/apricot/assets/css/entypo-icon.css]
[ndesaintheme.com/themes/apricot/assets/font/maki.eot]
[ndesaintheme.com/themes/apricot/assets/font/makid41d.eot]
[ndesaintheme.com/themes/apricot/assets/font/maki.woff]
[ndesaintheme.com/themes/apricot/assets/font/maki.ttf]
[ndesaintheme.com/themes/apricot/assets/font/maki.svg]
[ndesaintheme.com/themes/apricot/assets/css/maki-icons.css]
[ndesaintheme.com/themes/apricot/assets/font/weathericons-regular-webfont.eot]
[ndesaintheme.com/themes/apricot/assets/font/weathericons-regular-webfont.woff]
[ndesaintheme.com/themes/apricot/assets/font/weathericons-regular-webfont.ttf]
[ndesaintheme.com/themes/apricot/assets/font/weathericons-regular-webfontd41d.eot]
[ndesaintheme.com/themes/apricot/assets/css/weather-icons.min.css]
[ndesaintheme.com/themes/apricot/assets/font/dripicons.eot]
[ndesaintheme.com/themes/apricot/assets/font/dripiconsd41d.eot]
[ndesaintheme.com/themes/apricot/assets/font/dripicons.ttf]
[ndesaintheme.com/themes/apricot/assets/font/dripicons.woff]
[ndesaintheme.com/themes/apricot/assets/css/dripicon.css]
[ndesaintheme.com/themes/apricot/assets/fonts/open-sans-light.woff]
[ndesaintheme.com/themes/apricot/assets/fonts/open-sans-normal.woff]
[ndesaintheme.com/themes/apricot/assets/fonts/open-sans-bold.woff]
[ndesaintheme.com/themes/apricot/assets/css/open-sans.css]
[ndesaintheme.com/themes/apricot/assets/css/ribbons/awwwards_honorable_black_left.png]
[ndesaintheme.com/themes/apricot/assets/css/ribbons/awwwards_honorable_black_right.png]
[ndesaintheme.com/themes/apricot/assets/css/ribbons/awwwards_honorable_white_left.png]
[ndesaintheme.com/themes/apricot/assets/css/ribbons/awwwards_honorable_white_right.png]
[ndesaintheme.com/themes/apricot/assets/css/ribbons/awwwards_honorable_green_left.png]
[ndesaintheme.com/themes/apricot/assets/css/ribbons/awwwards_honorable_green_right.png]
[ndesaintheme.com/themes/apricot/assets/css/ribbons/awwwards_honorable_black_left2x.png]
[ndesaintheme.com/themes/apricot/assets/css/ribbons/awwwards_honorable_black_right2x.png]
[ndesaintheme.com/themes/apricot/assets/css/ribbons/awwwards_honorable_white_left2x.png]
[ndesaintheme.com/themes/apricot/assets/css/ribbons/awwwards_honorable_white_right2x.png]
[ndesaintheme.com/themes/apricot/assets/css/ribbons/awwwards_honorable_green_left2x.png]
[ndesaintheme.com/themes/apricot/assets/css/ribbons/awwwards_honorable_green_right2x.png]
[ndesaintheme.com/themes/apricot/assets/css/awwwards.css]
[ndesaintheme.com/themes/apricot/assets/js/pnotify/jquery.pnotify.default.css]
[ndesaintheme.com/themes/apricot/assets/js/tip/tooltipster.css]
[ndesaintheme.com/themes/apricot/assets/js/pace/themes/pace-theme-center-simple.css]
[ndesaintheme.com/themes/apricot/assets/js/slidebars/slidebars.css]
[ndesaintheme.com/themes/apricot/assets/js/gage/jquery.easy-pie-chart.css]
[ndesaintheme.com/themes/apricot/assets/fonts/glyphicons-halflings-regular.svg]
[ndesaintheme.com/themes/apricot/assets/css/media.css]
[ndesaintheme.com/themes/apricot/assets/css/social.css]
[ndesaintheme.com/themes/apricot/assets/css/mail.css]
[ndesaintheme.com/themes/apricot/assets/css/icons-style.css]
[ndesaintheme.com/themes/apricot/assets/js/button/ladda/ladda.min.css]
[ndesaintheme.com/themes/apricot/assets/css/profile.css]
[ndesaintheme.com/themes/apricot/assets/css/extra-pages.css]
[ndesaintheme.com/themes/apricot/assets/css/signin.css]
[ndesaintheme.com/themes/apricot/assets/js/wizard/css/jquery.steps.css]
[ndesaintheme.com/themes/apricot/assets/js/demo/img/error.11f.delayed]
[ndesaintheme.com/themes/apricot/assets/js/wizard/jquery.stepy.css]
[ndesaintheme.com/themes/apricot/assets/js/tabs/acc-wizard.min.css]
[ndesaintheme.com/themes/apricot/assets/js/calendar/img/tickc81e.png]
[ndesaintheme.com/themes/apricot/assets/js/calendar/css/calendar.css]
[ndesaintheme.com/themes/apricot/assets/js/tree/images/treeview-default.gif]
[ndesaintheme.com/themes/apricot/assets/js/tree/images/treeview-default-line.gif]
[ndesaintheme.com/themes/apricot/assets/js/tree/images/treeview-red-line.gif]
[ndesaintheme.com/themes/apricot/assets/js/tree/images/treeview-red.gif]
[ndesaintheme.com/themes/apricot/assets/js/tree/images/treeview-black-line.gif]
[ndesaintheme.com/themes/apricot/assets/js/tree/images/treeview-black.gif]
[ndesaintheme.com/themes/apricot/assets/js/tree/images/treeview-gray-line.gif]
[ndesaintheme.com/themes/apricot/assets/js/tree/images/treeview-gray.gif]
[ndesaintheme.com/themes/apricot/assets/js/tree/images/treeview-famfamfam-line.gif]
[ndesaintheme.com/themes/apricot/assets/js/tree/images/treeview-famfamfam.gif]
[ndesaintheme.com/themes/apricot/assets/js/tree/images/ajax-loader.gif]
[ndesaintheme.com/themes/apricot/assets/js/tree/images/folder-closed.gif]
[ndesaintheme.com/themes/apricot/assets/js/tree/jquery.treeview.css]
[ndesaintheme.com/themes/apricot/assets/js/tree/treetable/stylesheets/jquery.treetable.css]
[ndesaintheme.com/themes/apricot/assets/js/tree/treetable/stylesheets/jquery.treetable.theme.default.css]
[ndesaintheme.com/themes/apricot/assets/js/tree/tabelizer/tabelizer.min.css]
[ndesaintheme.com/themes/apricot/assets/js/iCheck/flat/flat.png]
[ndesaintheme.com/themes/apricot/assets/js/iCheck/flat/flat@2x.png]
[ndesaintheme.com/themes/apricot/assets/js/iCheck/flat/red.png]
[ndesaintheme.com/themes/apricot/assets/js/iCheck/flat/red@2x.png]
[ndesaintheme.com/themes/apricot/assets/js/iCheck/flat/green.png]
[ndesaintheme.com/themes/apricot/assets/js/iCheck/flat/green@2x.png]
[ndesaintheme.com/themes/apricot/assets/js/iCheck/flat/blue.png]
[ndesaintheme.com/themes/apricot/assets/js/iCheck/flat/blue@2x.png]
[ndesaintheme.com/themes/apricot/assets/js/iCheck/flat/aero.png]
[ndesaintheme.com/themes/apricot/assets/js/iCheck/flat/aero@2x.png]
[ndesaintheme.com/themes/apricot/assets/js/iCheck/flat/grey.png]
[ndesaintheme.com/themes/apricot/assets/js/iCheck/flat/grey@2x.png]
[ndesaintheme.com/themes/apricot/assets/js/iCheck/flat/orange.png]
[ndesaintheme.com/themes/apricot/assets/js/iCheck/flat/orange@2x.png]
[ndesaintheme.com/themes/apricot/assets/js/iCheck/flat/yellow.png]
[ndesaintheme.com/themes/apricot/assets/js/iCheck/flat/yellow@2x.png]
[ndesaintheme.com/themes/apricot/assets/js/iCheck/flat/pink.png]
[ndesaintheme.com/themes/apricot/assets/js/iCheck/flat/pink@2x.png]
[ndesaintheme.com/themes/apricot/assets/js/iCheck/flat/purple.png]
[ndesaintheme.com/themes/apricot/assets/js/iCheck/flat/purple@2x.png]
[ndesaintheme.com/themes/apricot/assets/js/iCheck/flat/all.css]
[ndesaintheme.com/themes/apricot/assets/js/iCheck/line/line.png]
[ndesaintheme.com/themes/apricot/assets/js/iCheck/line/line@2x.png]
[ndesaintheme.com/themes/apricot/assets/js/iCheck/line/all.css]
[ndesaintheme.com/themes/apricot/assets/js/colorPicker/img/bootstrap-colorpicker/saturation.png]
[ndesaintheme.com/themes/apricot/assets/js/colorPicker/img/bootstrap-colorpicker/hue.png]
[ndesaintheme.com/themes/apricot/assets/js/colorPicker/img/bootstrap-colorpicker/alpha.png]
[ndesaintheme.com/themes/apricot/assets/js/colorPicker/bootstrap-colorpicker.css]
[ndesaintheme.com/themes/apricot/assets/js/switch/bootstrap-switch.css]
[ndesaintheme.com/themes/apricot/assets/js/validate/assets/css/bootstrap.min.css]
[ndesaintheme.com/themes/apricot/assets/js/validate/assets/css/bootstrap-responsive.min.css]
[ndesaintheme.com/themes/apricot/assets/js/validate/img/valid.png]
[ndesaintheme.com/themes/apricot/assets/js/validate/validate.css]
[ndesaintheme.com/themes/apricot/assets/js/idealform/img/validation.png]
[ndesaintheme.com/themes/apricot/assets/js/idealform/img/loading.gif]
[ndesaintheme.com/themes/apricot/assets/js/idealform/img/radiocheck.png]
[ndesaintheme.com/themes/apricot/assets/js/idealform/img/datepicker.png]
[ndesaintheme.com/themes/apricot/assets/js/idealform/css/jquery.idealforms.css]
[ndesaintheme.com/themes/apricot/assets/js/timepicker/bootstrap-timepicker.css]
[ndesaintheme.com/themes/apricot/assets/js/datepicker/datepicker.css]
[ndesaintheme.com/themes/apricot/assets/js/datepicker/clockface.css]
[ndesaintheme.com/themes/apricot/assets/js/tag/jquery.tagsinput.css]
[ndesaintheme.com/themes/apricot/assets/js/textEditor/editor.css]
[ndesaintheme.com/themes/apricot/assets/js/textEditor/sceditor/minified/themes/famfamfam.png]
[ndesaintheme.com/themes/apricot/assets/js/textEditor/sceditor/minified/themes/square.min.css]
[ndesaintheme.com/themes/apricot/assets/js/textEditor/src/bootstrap-wysihtml5.css]
[ndesaintheme.com/themes/apricot/assets/js/upload/demos/css/uploader.css]
[ndesaintheme.com/themes/apricot/assets/js/upload/demos/css/images/dark-bg.png]
[ndesaintheme.com/themes/apricot/assets/js/upload/demos/css/demo.css]
[ndesaintheme.com/themes/apricot/assets/js/dropZone/downloads/images/spritemap.png]
[ndesaintheme.com/themes/apricot/assets/js/dropZone/downloads/images/spritemap@2x.png]
[ndesaintheme.com/themes/apricot/assets/js/dropZone/downloads/css/dropzone.css]
[ndesaintheme.com/themes/apricot/assets/js/stackable/stacktable.css]
[ndesaintheme.com/themes/apricot/assets/js/stackable/responsive-table.css]
[ndesaintheme.com/themes/apricot/assets/js/footable/css/fonts/footable.eot]
[ndesaintheme.com/themes/apricot/assets/js/footable/css/fonts/footable.woff]
[ndesaintheme.com/themes/apricot/assets/js/footable/css/fonts/footabled41d.eot]
[ndesaintheme.com/themes/apricot/assets/js/footable/css/fonts/footable.ttf]
[ndesaintheme.com/themes/apricot/assets/js/footable/css/footable.corecd98.css]
[ndesaintheme.com/themes/apricot/assets/js/footable/css/footable.standalone.css]
[ndesaintheme.com/themes/apricot/assets/js/footable/css/footable-demos.css]
[ndesaintheme.com/themes/apricot/assets/js/dataTable/lib/jquery.dataTables/images/sort_both.png]
[ndesaintheme.com/themes/apricot/assets/js/dataTable/lib/jquery.dataTables/images/sort_asc.png]
[ndesaintheme.com/themes/apricot/assets/js/dataTable/lib/jquery.dataTables/images/sort_desc.png]
[ndesaintheme.com/themes/apricot/assets/js/dataTable/lib/jquery.dataTables/images/sort_asc_disabled.png]
[ndesaintheme.com/themes/apricot/assets/js/dataTable/lib/jquery.dataTables/images/sort_desc_disabled.png]
[ndesaintheme.com/themes/apricot/assets/js/dataTable/lib/jquery.dataTables/css/DT_bootstrap.css]
[ndesaintheme.com/themes/apricot/assets/js/dataTable/img/plus.png]
[ndesaintheme.com/themes/apricot/assets/js/dataTable/img/minus.png]
[ndesaintheme.com/themes/apricot/assets/js/dataTable/css/datatables.responsive.css]
[jhere.net/px3032.gif]
[jhere.net/px5d87.gif]
[jhere.net/js/jhere-custom.html]
[ndesaintheme.com/themes/apricot/assets/fonts/fontawesome-webfontba72.svg]
[ndesaintheme.com/themes/apricot/assets/fonts/fontawesome-webfont.svg]
[ndesaintheme.com/themes/apricot/assets/font/weathericons-regular-webfont.svg]
[ndesaintheme.com/themes/apricot/assets/font/dripicons.svg]
[ndesaintheme.com/themes/apricot/assets/js/footable/css/fonts/footable.svg]
